Loading target...
Loading MTP drafter...

Certified Q6/G32:
  W: (248320, 960)
  S: (248320, 160)
  B: (248320, 160)

Building Q5/G32 search head...
Q5 ready: (248320, 800) (248320, 160)

======================================================================================
P42R1 — DISTRIBUTIONAL ROBUSTNESS BATTERY
======================================================================================

--------------------------------------------------------------------------------------
CASE 01/30 code-ctx64
target ctx=64 actual ctx=63
generation: 17.051 tok/s | rounds=38 | head_calls=113 | text=ddd980cf3b39
rank recall: top1=112/113 top2=113/113 top4=113/113 top8=113/113
max rank=2 | P42C exact=113/113
non-rank1 histogram: {2: 1}

--------------------------------------------------------------------------------------
CASE 02/30 reasoning-ctx64
target ctx=64 actual ctx=63
generation: 18.109 tok/s | rounds=36 | head_calls=108 | text=da69bec0a48a
rank recall: top1=107/108 top2=108/108 top4=108/108 top8=108/108
max rank=2 | P42C exact=108/108
non-rank1 histogram: {2: 1}

--------------------------------------------------------------------------------------
CASE 03/30 prose-ctx64
target ctx=64 actual ctx=63
generation: 15.697 tok/s | rounds=42 | head_calls=124 | text=c59cb4e1f368
rank recall: top1=118/124 top2=124/124 top4=124/124 top8=124/124
max rank=2 | P42C exact=124/124
non-rank1 histogram: {2: 6}

--------------------------------------------------------------------------------------
CASE 04/30 structured-ctx64
target ctx=64 actual ctx=63
generation: 15.072 tok/s | rounds=43 | head_calls=128 | text=d237ad33350c
rank recall: top1=125/128 top2=128/128 top4=128/128 top8=128/128
max rank=2 | P42C exact=128/128
non-rank1 histogram: {2: 3}

--------------------------------------------------------------------------------------
CASE 05/30 dialogue-ctx64
target ctx=64 actual ctx=63
generation: 15.523 tok/s | rounds=42 | head_calls=126 | text=e726cd32860d
rank recall: top1=123/126 top2=126/126 top4=126/126 top8=126/126
max rank=2 | P42C exact=126/126
non-rank1 histogram: {2: 3}

--------------------------------------------------------------------------------------
CASE 06/30 code-ctx256
target ctx=256 actual ctx=255
generation: 18.104 tok/s | rounds=36 | head_calls=107 | text=360bb29f8893
rank recall: top1=107/107 top2=107/107 top4=107/107 top8=107/107
max rank=1 | P42C exact=107/107

--------------------------------------------------------------------------------------
CASE 07/30 reasoning-ctx256
target ctx=256 actual ctx=255
generation: 15.524 tok/s | rounds=42 | head_calls=125 | text=89415d276e1e
rank recall: top1=123/125 top2=125/125 top4=125/125 top8=125/125
max rank=2 | P42C exact=125/125
non-rank1 histogram: {2: 2}

--------------------------------------------------------------------------------------
CASE 08/30 prose-ctx256
target ctx=256 actual ctx=255
generation: 17.270 tok/s | rounds=38 | head_calls=112 | text=a402536e88c8
rank recall: top1=111/112 top2=112/112 top4=112/112 top8=112/112
max rank=2 | P42C exact=112/112
non-rank1 histogram: {2: 1}

--------------------------------------------------------------------------------------
CASE 09/30 structured-ctx256
target ctx=256 actual ctx=255
generation: 14.010 tok/s | rounds=47 | head_calls=138 | text=e73c56e6411d
rank recall: top1=135/138 top2=137/138 top4=138/138 top8=138/138
max rank=3 | P42C exact=138/138
non-rank1 histogram: {2: 2, 3: 1}

--------------------------------------------------------------------------------------
CASE 10/30 dialogue-ctx256
target ctx=256 actual ctx=255
generation: 15.026 tok/s | rounds=43 | head_calls=129 | text=a8a6b5ed035d
rank recall: top1=128/129 top2=129/129 top4=129/129 top8=129/129
max rank=2 | P42C exact=129/129
non-rank1 histogram: {2: 1}

--------------------------------------------------------------------------------------
CASE 11/30 code-ctx1024
target ctx=1024 actual ctx=1023
generation: 17.212 tok/s | rounds=37 | head_calls=109 | text=47b45cb51335
rank recall: top1=109/109 top2=109/109 top4=109/109 top8=109/109
max rank=1 | P42C exact=109/109

--------------------------------------------------------------------------------------
CASE 12/30 reasoning-ctx1024
target ctx=1024 actual ctx=1023
generation: 12.444 tok/s | rounds=51 | head_calls=152 | text=3968c25ce1ad
rank recall: top1=149/152 top2=152/152 top4=152/152 top8=152/152
max rank=2 | P42C exact=152/152
non-rank1 histogram: {2: 3}

--------------------------------------------------------------------------------------
CASE 13/30 prose-ctx1024
target ctx=1024 actual ctx=1023
generation: 15.338 tok/s | rounds=41 | head_calls=123 | text=8374b2334f16
rank recall: top1=122/123 top2=123/123 top4=123/123 top8=123/123
max rank=2 | P42C exact=123/123
non-rank1 histogram: {2: 1}

--------------------------------------------------------------------------------------
CASE 14/30 structured-ctx1024
target ctx=1024 actual ctx=1023
generation: 14.720 tok/s | rounds=43 | head_calls=128 | text=199d246e3d3e
rank recall: top1=124/128 top2=128/128 top4=128/128 top8=128/128
max rank=2 | P42C exact=128/128
non-rank1 histogram: {2: 4}

--------------------------------------------------------------------------------------
CASE 15/30 dialogue-ctx1024
target ctx=1024 actual ctx=1023
generation: 15.375 tok/s | rounds=41 | head_calls=123 | text=60ff68391555
rank recall: top1=118/123 top2=123/123 top4=123/123 top8=123/123
max rank=2 | P42C exact=123/123
non-rank1 histogram: {2: 5}

--------------------------------------------------------------------------------------
CASE 16/30 code-ctx4096
target ctx=4096 actual ctx=4095
generation: 16.670 tok/s | rounds=38 | head_calls=112 | text=5b651426fd58
rank recall: top1=112/112 top2=112/112 top4=112/112 top8=112/112
max rank=1 | P42C exact=112/112

--------------------------------------------------------------------------------------
CASE 17/30 reasoning-ctx4096
target ctx=4096 actual ctx=4095
generation: 12.421 tok/s | rounds=51 | head_calls=151 | text=b1b76ff2eb29
rank recall: top1=148/151 top2=151/151 top4=151/151 top8=151/151
max rank=2 | P42C exact=151/151
non-rank1 histogram: {2: 3}

--------------------------------------------------------------------------------------
CASE 18/30 prose-ctx4096
target ctx=4096 actual ctx=4095
generation: 13.701 tok/s | rounds=46 | head_calls=138 | text=1e1424bd341e
rank recall: top1=138/138 top2=138/138 top4=138/138 top8=138/138
max rank=1 | P42C exact=138/138

--------------------------------------------------------------------------------------
CASE 19/30 structured-ctx4096
target ctx=4096 actual ctx=4095
generation: 14.248 tok/s | rounds=44 | head_calls=132 | text=941186495c45
rank recall: top1=130/132 top2=132/132 top4=132/132 top8=132/132
max rank=2 | P42C exact=132/132
non-rank1 histogram: {2: 2}

--------------------------------------------------------------------------------------
CASE 20/30 dialogue-ctx4096
target ctx=4096 actual ctx=4095
generation: 13.057 tok/s | rounds=48 | head_calls=144 | text=5f8741cced30
rank recall: top1=141/144 top2=144/144 top4=144/144 top8=144/144
max rank=2 | P42C exact=144/144
non-rank1 histogram: {2: 3}

--------------------------------------------------------------------------------------
CASE 21/30 code-ctx8192
target ctx=8192 actual ctx=8191
generation: 16.373 tok/s | rounds=38 | head_calls=112 | text=5b651426fd58
rank recall: top1=111/112 top2=112/112 top4=112/112 top8=112/112
max rank=2 | P42C exact=112/112
non-rank1 histogram: {2: 1}

--------------------------------------------------------------------------------------
CASE 22/30 reasoning-ctx8192
target ctx=8192 actual ctx=8191
generation: 12.183 tok/s | rounds=51 | head_calls=151 | text=cb7d2cc0261d
rank recall: top1=148/151 top2=151/151 top4=151/151 top8=151/151
max rank=2 | P42C exact=151/151
non-rank1 histogram: {2: 3}

--------------------------------------------------------------------------------------
CASE 23/30 prose-ctx8192
target ctx=8192 actual ctx=8191
generation: 13.533 tok/s | rounds=46 | head_calls=136 | text=745afd980d47
rank recall: top1=135/136 top2=136/136 top4=136/136 top8=136/136
max rank=2 | P42C exact=136/136
non-rank1 histogram: {2: 1}

--------------------------------------------------------------------------------------
CASE 24/30 structured-ctx8192
target ctx=8192 actual ctx=8191
generation: 12.986 tok/s | rounds=48 | head_calls=142 | text=d18e5bed49de
rank recall: top1=140/142 top2=142/142 top4=142/142 top8=142/142
max rank=2 | P42C exact=142/142
non-rank1 histogram: {2: 2}

--------------------------------------------------------------------------------------
CASE 25/30 dialogue-ctx8192
target ctx=8192 actual ctx=8191
generation: 12.656 tok/s | rounds=49 | head_calls=146 | text=46a122c973a2
rank recall: top1=145/146 top2=146/146 top4=146/146 top8=146/146
max rank=2 | P42C exact=146/146
non-rank1 histogram: {2: 1}

--------------------------------------------------------------------------------------
CASE 26/30 code-ctx16384
target ctx=16384 actual ctx=16382
generation: 15.340 tok/s | rounds=39 | head_calls=115 | text=5b651426fd58
rank recall: top1=113/115 top2=115/115 top4=115/115 top8=115/115
max rank=2 | P42C exact=115/115
non-rank1 histogram: {2: 2}

--------------------------------------------------------------------------------------
CASE 27/30 reasoning-ctx16384
target ctx=16384 actual ctx=16383
generation: 11.914 tok/s | rounds=50 | head_calls=149 | text=688d426c319a
rank recall: top1=148/149 top2=149/149 top4=149/149 top8=149/149
max rank=2 | P42C exact=149/149
non-rank1 histogram: {2: 1}

--------------------------------------------------------------------------------------
CASE 28/30 prose-ctx16384
target ctx=16384 actual ctx=16382
generation: 12.871 tok/s | rounds=46 | head_calls=138 | text=d8a8a54c7307
rank recall: top1=137/138 top2=138/138 top4=138/138 top8=138/138
max rank=2 | P42C exact=138/138
non-rank1 histogram: {2: 1}

--------------------------------------------------------------------------------------
CASE 29/30 structured-ctx16384
target ctx=16384 actual ctx=16383
generation: 13.931 tok/s | rounds=43 | head_calls=127 | text=128be92a50f8
rank recall: top1=123/127 top2=127/127 top4=127/127 top8=127/127
max rank=2 | P42C exact=127/127
non-rank1 histogram: {2: 4}

--------------------------------------------------------------------------------------
CASE 30/30 dialogue-ctx16384
target ctx=16384 actual ctx=16383
generation: 11.932 tok/s | rounds=50 | head_calls=148 | text=89f52558672c
rank recall: top1=144/148 top2=148/148 top4=148/148 top8=148/148
max rank=2 | P42C exact=148/148
non-rank1 histogram: {2: 4}

======================================================================================
P42R1 GRAND SUMMARY
======================================================================================
cases: 30
total real MTP head decisions: 3886

top1        : 3824/3886 (98.404529%)
top2        : 3885/3886 (99.974267%)
top4        : 3886/3886 (100.000000%)
top8        : 3886/3886 (100.000000%)
p42_exact   : 3886/3886 (100.000000%)

global rank histogram: {1: 3824, 2: 61, 3: 1}
global max Q6-winner rank under Q5: 3
actual P42C jury failures: 0

WORST / AMBIGUOUS STATES:
  structured-ctx256        call=  72 rank=  3 margin=0.20312500 Q6= 67909 P42= 67909 exact=True
  structured-ctx64         call=  68 rank=  2 margin=0.00000000 Q6= 27869 P42= 27869 exact=True
  structured-ctx64         call= 106 rank=  2 margin=0.00000000 Q6= 47149 P42= 47149 exact=True
  dialogue-ctx64           call=  31 rank=  2 margin=0.00000000 Q6=  6007 P42=  6007 exact=True
  structured-ctx256        call=  58 rank=  2 margin=0.00000000 Q6= 36482 P42= 36482 exact=True
  structured-ctx1024       call=   4 rank=  2 margin=0.00000000 Q6= 52738 P42= 52738 exact=True
  reasoning-ctx8192        call= 140 rank=  2 margin=0.00000000 Q6=    72 P42=    72 exact=True
  reasoning-ctx64          call=  88 rank=  2 margin=0.01562500 Q6= 20564 P42= 20564 exact=True
  structured-ctx256        call= 110 rank=  2 margin=0.01562500 Q6=   491 P42=   491 exact=True
  dialogue-ctx1024         call=  79 rank=  2 margin=0.01562500 Q6= 43741 P42= 43741 exact=True
  structured-ctx4096       call=  55 rank=  2 margin=0.01562500 Q6= 43355 P42= 43355 exact=True
  structured-ctx4096       call= 101 rank=  2 margin=0.01562500 Q6=   198 P42=   198 exact=True
  structured-ctx8192       call=  99 rank=  2 margin=0.01562500 Q6=  2972 P42=  2972 exact=True
  prose-ctx64              call=  31 rank=  2 margin=0.03125000 Q6=  3766 P42=  3766 exact=True
  dialogue-ctx4096         call=  20 rank=  2 margin=0.03125000 Q6= 30800 P42= 30800 exact=True
  dialogue-ctx4096         call=  23 rank=  2 margin=0.03125000 Q6=  1732 P42=  1732 exact=True
  structured-ctx16384      call=  21 rank=  2 margin=0.03125000 Q6=   353 P42=   353 exact=True
  prose-ctx1024            call=  63 rank=  2 margin=0.04687500 Q6= 20073 P42= 20073 exact=True
  reasoning-ctx16384       call=  80 rank=  2 margin=0.04687500 Q6= 47942 P42= 47942 exact=True
  dialogue-ctx16384        call=  41 rank=  2 margin=0.04687500 Q6= 14378 P42= 14378 exact=True
  code-ctx64               call=   6 rank=  2 margin=0.06250000 Q6=  1358 P42=  1358 exact=True
  prose-ctx64              call= 108 rank=  2 margin=0.06250000 Q6= 17775 P42= 17775 exact=True
  prose-ctx256             call=  32 rank=  2 margin=0.06250000 Q6=  5215 P42=  5215 exact=True
  reasoning-ctx1024        call=   4 rank=  2 margin=0.06250000 Q6=   678 P42=   678 exact=True
  dialogue-ctx1024         call=  80 rank=  2 margin=0.06250000 Q6=    11 P42=    11 exact=True
  reasoning-ctx4096        call=  96 rank=  2 margin=0.06250000 Q6= 11817 P42= 11817 exact=True
  structured-ctx8192       call=  38 rank=  2 margin=0.06250000 Q6=   369 P42=   369 exact=True
  structured-ctx16384      call=  52 rank=  2 margin=0.06250000 Q6=    18 P42=    18 exact=True
  dialogue-ctx16384        call=   2 rank=  2 margin=0.06250000 Q6=  3766 P42=  3766 exact=True
  dialogue-ctx64           call=  84 rank=  2 margin=0.07812500 Q6= 11121 P42= 11121 exact=True

saved: /tmp/p42r1-robustness-results.json

======================================================================================
P42R1 VERDICT: TOP-2 NOT ROBUST ENOUGH, BUT TOP-4 COVERS ALL OBSERVED STATES.
======================================================================================

P42R1 DONE
